Tests event-related methods
===========================

>>> from datetime import datetime, date
>>> import time
>>> from testenv import endPoint, errorFrom, ordDict
>>> from MaKaC.common.utils import parseDate, parseTime
>>> endPoint.test.login(username="johndoe", password="johndoe")[:10]
'johndoe OK'


Basic Inline Widget Support
***************************

- Title
>>> endPoint.event.main.changeTitle(conference=0, value=None)
'lecture 1'
>>> endPoint.event.main.changeTitle(conference=1, value=None)
'lecture 2'
>>> endPoint.event.main.changeTitle(conference=2, value=None)
'meeting 1'
>>> endPoint.event.main.changeTitle(conference=0, value="Another Name")
'Another Name'
>>> endPoint.event.main.changeTitle(conference=0, value="lecture 1")
'lecture 1'

- Support E-mail
>>> endPoint.event.main.changeSupportEmail(conference=0, value=None)
''
>>> endPoint.event.main.changeSupportEmail(conference=0, value="johndoe@example.com")
'johndoe@example.com'
>>> errorFrom(endPoint.event.main.changeSupportEmail, conference=0, value="johndoe.example.com")
'ERR-E0'
>>> endPoint.event.main.changeSupportEmail(conference=0, value="")
''

- Speaker Text
>>> endPoint.event.main.changeSpeakerText(conference=0, value=None)
''
>>> endPoint.event.main.changeSpeakerText(conference=0, value="i think therefore i am")
'i think therefore i am'
>>> endPoint.event.main.changeSpeakerText(conference=0, value=None)
'i think therefore i am'
>>> endPoint.event.main.changeSpeakerText(conference=0, value="")
''

- Default Style
>>> endPoint.event.main.changeDefaultStyle(conference=0, value=None)
'lecture'
>>> endPoint.event.main.changeDefaultStyle(conference=0, value="it")
'it'
>>> endPoint.event.main.changeDefaultStyle(conference=0, value="lecture")
'lecture'

- Visibility
>>> endPoint.event.main.changeVisibility(conference=0, value=None)
999
>>> endPoint.event.main.changeVisibility(conference=0, value=0)
0
>>> errorFrom(endPoint.event.main.changeVisibility, conference=0, value='xpto')
'ERR-E1'
>>> endPoint.event.main.changeVisibility(conference=0, value=None)
0
>>> endPoint.event.main.changeVisibility(conference=0, value=999)
999

- Event Type
>>> endPoint.event.main.changeType(conference=0, value=None)
'simple_event'
>>> endPoint.event.main.changeType(conference=0, value='meeting')
'meeting'
>>> endPoint.event.main.changeType(conference=0, value='conference')
'conference'
>>> endPoint.event.main.changeType(conference=0, value=None)
'conference'
>>> endPoint.event.main.changeType(conference=0, value='simple_event')
'simple_event'

- Date/time
>>> endPoint.event.main.changeStartDate(conference=0, value=None)
'01/04/2008 08:00'
>>> endPoint.event.main.changeEndDate(conference=0, value=None)
'01/04/2008 09:00'
>>> errorFrom(endPoint.event.main.changeStartDate, conference=0, value='xpto420')
'ERR-E2'
>>> errorFrom(endPoint.event.main.changeEndDate, conference=0, value='2008/04/01 23:00')
'ERR-E2'
>>> errorFrom(endPoint.event.main.changeStartDate, conference=0, value='02/04/2008 23:00')
'ERR-E3'
>>> errorFrom(endPoint.event.main.changeEndDate, conference=0, value='30/03/2008 23:00')
'ERR-E3'
>>> endPoint.event.main.changeEndDate(conference=0, value='01/04/2008 08:30')
'01/04/2008 08:30'
>>> endPoint.event.main.changeStartDate(conference=0, value='01/04/2008 07:30')
'01/04/2008 07:30'
>>> endPoint.event.main.changeEndDate(conference=0, value='01/04/2008 09:00')
'01/04/2008 09:00'
>>> endPoint.event.main.changeStartDate(conference=0, value='01/04/2008 08:00')
'01/04/2008 08:00'

- Booking
>>> ordDict(endPoint.event.main.displayBooking(conference=0))
[('address', ''), ('location', ''), ('room', '')]
>>> ordDict(endPoint.event.main.changeBooking(conference=0))
[('address', ''), ('location', ''), ('room', '')]
>>> ordDict(endPoint.event.main.changeBooking(conference=0, value={'room': '513-R-0043', 
...           'location': 'CERN', 'address': 'Meyrin'}))
[('address', 'Meyrin'), ('location', 'CERN'), ('room', '513-R-0043')]
>>> ordDict(endPoint.event.main.displayBooking(conference=0))
[('address', 'Meyrin'), ('location', 'CERN'), ('room', '513-R-0043')]
>>> ordDict(endPoint.event.main.changeBooking(conference=0, value={'room': '', 'location': '', 'address': ''}))
[('address', ''), ('location', ''), ('room', '')]

- Automatic Time Conflict Solving
>>> endPoint.event.main.setTimeConflictSolving(conference=2, value=None)
True
>>> endPoint.event.main.setTimeConflictSolving(conference=2, value=False)
False
>>> endPoint.event.main.setTimeConflictSolving(conference=2, value=None)
False
>>> endPoint.event.main.setTimeConflictSolving(conference=2, value=True)
True
>>> errorFrom(endPoint.event.main.setTimeConflictSolving, conference=2, value=1)
'ERR-E1'

