Tests basic methods
===================

>>> from testenv import endPoint, errorFrom
>>> from jsonrpc import JSONRPCException
>>> endPoint.test.echo(foo='bar')
{'foo': 'bar'}
>>> endPoint.test.login(username="hjkf67e1kjh", password="this.should.always.fail")
Traceback (most recent call last):
  . . .
JSONRPCException
>>> endPoint.test.login(username="johndoe", password="johndoe")[:10]
'johndoe OK'

Non-existing methods:

>>> errorFrom(endPoint.user.nonExistingMethod, id=1)
'ERR-R1'
>>> errorFrom(endPoint.nonExistingMethod, id=1)
'ERR-R1'
